MPLINK 4.48, Linker
Linker Map File - Created Thu Sep 11 12:16:41 2025

                                 Section Info
                  Section       Type    Address   Location Size(Bytes)
                ---------  ---------  ---------  ---------  ---------
             RESET_VECTOR       code   0x000000    program   0x000002
                   .cinit    romdata   0x000001    program   0x000004
                      ISR       code   0x000004    program   0x000010
             MAIN_PROGRAM       code   0x00000c    program   0x000028
.config_2007_SOURCE_FILE.O       code   0x002007    program   0x000002



                              Program Memory Usage 
                               Start         End      
                           ---------   ---------      
                            0x000000    0x000002      
                            0x000004    0x00001f      
                            0x002007    0x002007      
            32 out of 1094 program addresses used, program memory utilization is 2%



                              Symbols - Sorted by Name
                     Name    Address   Location    Storage File                     
                ---------  ---------  ---------  --------- ---------                
                    Delay   0x000017    program     static C:\Users\Lehlo\Desktop\School Work\lab_01\source_file.asm
               DelayInner   0x00001b    program     static C:\Users\Lehlo\Desktop\School Work\lab_01\source_file.asm
               DelayOuter   0x000019    program     static C:\Users\Lehlo\Desktop\School Work\lab_01\source_file.asm
                 IncCount   0x000012    program     static C:\Users\Lehlo\Desktop\School Work\lab_01\source_file.asm
                Interrupt   0x000004    program     static C:\Users\Lehlo\Desktop\School Work\lab_01\source_file.asm
                    start   0x00000c    program     static C:\Users\Lehlo\Desktop\School Work\lab_01\source_file.asm



                              Symbols - Sorted by Address
                     Name    Address   Location    Storage File                     
                ---------  ---------  ---------  --------- ---------                
                Interrupt   0x000004    program     static C:\Users\Lehlo\Desktop\School Work\lab_01\source_file.asm
                    start   0x00000c    program     static C:\Users\Lehlo\Desktop\School Work\lab_01\source_file.asm
                 IncCount   0x000012    program     static C:\Users\Lehlo\Desktop\School Work\lab_01\source_file.asm
                    Delay   0x000017    program     static C:\Users\Lehlo\Desktop\School Work\lab_01\source_file.asm
               DelayOuter   0x000019    program     static C:\Users\Lehlo\Desktop\School Work\lab_01\source_file.asm
               DelayInner   0x00001b    program     static C:\Users\Lehlo\Desktop\School Work\lab_01\source_file.asm


